
> loan-app@0.1.0 build
> next build

Γû▓ Next.js 16.1.6 (Turbopack)
- Environments: .env.local
- Experiments (use with caution):
  ┬╖ optimizePackageImports

  Creating an optimized production build ...
Γ£ô Compiled successfully in 13.0s
  Running TypeScript ...
  Collecting page data using 11 workers ...
  Generating static pages using 11 workers (0/13) ...
  Generating static pages using 11 workers (3/13) 
  Generating static pages using 11 workers (6/13) 
  Generating static pages using 11 workers (9/13) 
Γ£ô Generating static pages using 11 workers (13/13) in 1120.1ms
  Finalizing page optimization ...

Route (app)
Γöî Γùï /
Γö£ Γùï /_not-found
Γö£ Γùï /admin/analytics
Γö£ ╞Æ /admin/application/[id]
Γö£ Γùï /admin/dashboard
Γö£ Γùï /admin/login
Γö£ ╞Æ /api/claude
Γö£ Γùï /inspection
Γö£ Γùï /login
Γö£ Γùï /onboarding
Γö£ Γùï /score
Γöö Γùï /status


Γùï  (Static)   prerendered as static content
╞Æ  (Dynamic)  server-rendered on demand

